{a: 1, b: nil, c: 3}
{a: 1, c: 3}
{a: 1, c: 3}
{"x" => 1, "y" => 2}
{"x" => 1, "y" => 2}
{"k" => "v", "k2" => "v2"}
{"k" => "v", "k2" => "v2"}
{1 => "one", "two" => 2, 3.0 => nil}
{1 => "one", "two" => 2}
{1 => "one", "two" => 2}
[2, :b]
[2, :b]
[1, :a]
[1, :a]
[10, 30]
[20, 10]
[1, 2]
{a: 1}
nil
nil
{a: 1, b: 2, c: 3}
{a: 1, b: 2, c: 3}
{a: 1, b: 2, c: 3, d: 4, z: 9}
true
{a: 1, b: 2, c: 3, d: 4, z: 9, y: 0}
{a: 1, c: 3, d: 4, z: 9, y: 0}
{a: 1, c: 3, d: 4, z: 9, y: 0}
{a: 1, b: 2}
{"s" => 1, "t" => 2}
no implicit conversion of Array into Hash
{"a" => "x", "b" => nil, "c" => "y"}
{"a" => "x", "b" => nil, "c" => "y"}
{y: 1}
undefined method 'fetch_values' for an instance of String
undefined method 'compact!' for an instance of Integer
FrozenError
FrozenError
{a: 1, b: nil}
{"k" => "v", "b" => "xy", "xy" => "w"}
{1 => "v", 2 => "xy"}
["xy"]
