[1, "from-literal"]
[1, "from-literal"]
[1, "from-literal"]
[1, "from-literal"]
[2, "from-literal"]
[1, "from-literal"]
[1, "from-literal"]
[1, "from-literal"]
[1, "from-literal"]
[1, "from-literal"]
[[1, "from-literal"], [2, "from-literal"]]
[1, "from-literal"]
[2, "from-literal"]
[2, "from-literal"]
[2, "from-literal"]
[2, "from-literal"]
